Col1.a,Col1.b(1).c,Col1.b(2).c
     1,          2,          3
     4,          5,          6
