      Col1, Col2,Col3,Col4
2017-01-01,1.000,   1, abc
2017-01-02,2.000,   2, def
