Year, Name,    A,   B
2000,Name1,1.000,1234
2000,Name1,2.000,1234
2000,Name1,3.000,1234
2000,Name1,4.000,1234
