   A,    B
1234,1.000
1234,2.000
1234,3.000
1234,4.000
