Year, Name,   A,    B
2000,Name1,1234,1.000
2000,Name1,1234,2.000
2000,Name1,1234,3.000
2000,Name1,1234,4.000
