Year, Name,    A,   B
2000,Name1,1.000,1234
2000,Name1,2.000,1234
2000,Name1,3.000,1234
2000,Name1,4.000,1234
2001,Name2,5.000,5678
2001,Name2,6.000,5678
2001,Name2,7.000,5678
2001,Name2,8.000,5678
